PHPUnit 12.5.14 by Sebastian Bergmann and contributors.

Runtime:       PHP 8.4.19
Configuration: /Volumes/ssd_faruq/Project/Web/Personal/warung/phpunit.xml

....                                                                4 / 4 (100%)

Time: 00:01.037, Memory: 58.50 MB

OK (4 tests, 8 assertions)
